00:00 You: @mock hello
00:00 mock: BEGIN
hello
END

