00:00 You: @mock hello
00:00 mock: BEGIN
hello
END
00:00 You: @mock world!
00:00 mock: BEGIN
world!
END
