00:00 You: @mock Here's a code snippet:

{{{ ...

1
2
3
4
5


}}}

hello
00:00 mock: BEGIN
Here's a code snippet:

1
2
3
4
5


hello
END

